No files changed, compilation skipped

Ran 15 tests for test/MainnetFork.t.sol:MainnetForkTest
[PASS] testAcrossCalldataPreview() (gas: 23004)
Logs:
  Seeded L1 USDT to treasury
  Seeded L2 USDT0 to treasury
  Across calldata preview
  slippageBps: 100
  amount: 50000000
  min: 49500000
  calldataLen: 356
  amount: 100000000
  min: 99000000
  calldataLen: 356
  amount: 250000000
  min: 247500000
  calldataLen: 356
  amount: 1000000000
  min: 990000000
  calldataLen: 356

[PASS] testDepositToL2OnlyOwner() (gas: 90196)
Logs:
  Seeded L1 USDT to treasury
  Seeded L2 USDT0 to treasury

[PASS] testDepositToL2RevertsWhenPaused() (gas: 174260)
Logs:
  Seeded L1 USDT to treasury
  Seeded L2 USDT0 to treasury

[PASS] testForkCheck() (gas: 7789)
Logs:
  Seeded L1 USDT to treasury
  Seeded L2 USDT0 to treasury
  Fork check passed - on mainnet fork
  Block number: 23782747
  Block timestamp: 1762945667

[FAIL: panic: arithmetic underflow or overflow (0x11)] testFullE2EFlowAcross() (gas: 1291899)
Logs:
  Seeded L1 USDT to treasury
  Seeded L2 USDT0 to treasury
  === E2E Test: Across Bridge ===
  Step 1: L1 Treasury USDT balance: 200000000
  !!! Step 1: L1 deposit revert
  revert data length: 4
  0x850c6f7600000000000000000000000000000000000000000000000000000000
  --- Across HubPool deposit logs ---
  entry count: 1
  log# 0
  emitter: 0xdAC17F958D2ee523a2206206994597C13D831ec7
  topics: 3
  0x8c5be1e5ebec7d5bd14f71427d1e84f3dd0314c0f7b2291e5b200ac8c7c3b925
  0x00000000000000000000000000000009eee278329552382a472a7d06c773d7b3
  0x000000000000000000000000f62849f9a0b5bf2913b396098f7c7019b51a820a
  data length: 32
  0x0000000000000000000000000000000000000000000000000000000005f5e100
  Step 1: L1 Treasury USDT balance after: 200000000
  Step 2: L2 Treasury USDT0 balance before fill: 500000814
  Step 2: L2 Treasury USDT0 balance after fill: 599000814
  Step 3: L2 deposit to Tydro executed, amount: 99000000
  --- Tydro deposit logs ---
  entry count: 11
  log# 0
  emitter: 0x0200C29006150606B650577BBE7B6248F58470c1
  topics: 3
  0xddf252ad1be2c89b69c2b068fc378daa952ba7f163c4a11628f55a4df523b3ef
  0x00000000000000000000000000000009eee278329552382a472a7d06c773d7b3
  0x0000000000000000000000005615deb798bb3e4dfa0139dfa1b3d433cc23b72f
  data length: 32
  0x0000000000000000000000000000000000000000000000000000000005e69ec0
  log# 1
  emitter: 0x0200C29006150606B650577BBE7B6248F58470c1
  topics: 3
  0x8c5be1e5ebec7d5bd14f71427d1e84f3dd0314c0f7b2291e5b200ac8c7c3b925
  0x00000000000000000000000000000009eee278329552382a472a7d06c773d7b3
  0x0000000000000000000000005615deb798bb3e4dfa0139dfa1b3d433cc23b72f
  data length: 32
  0x0000000000000000000000000000000000000000000000000000000000000000
  log# 2
  emitter: 0x0200C29006150606B650577BBE7B6248F58470c1
  topics: 3
  0x8c5be1e5ebec7d5bd14f71427d1e84f3dd0314c0f7b2291e5b200ac8c7c3b925
  0x0000000000000000000000005615deb798bb3e4dfa0139dfa1b3d433cc23b72f
  0x0000000000000000000000002816cf15f6d2a220e789aa011d5ee4eb6c47feba
  data length: 32
  0x0000000000000000000000000000000000000000000000000000000005e69ec0
  log# 3
  emitter: 0x2816cf15F6d2A220E789aA011D5EE4eB6c47FEbA
  topics: 2
  0x804c9b842b2748a22bb64b345453a3de7ca54a6ca45ce00d415894979e22897a
  0x0000000000000000000000000200c29006150606b650577bbe7b6248f58470c1
  data length: 160
  0x0000000000000000000000000000000000000000000c015cae6fa86885cca405
  0x0000000000000000000000000000000000000000000000000000000000000000
  ...(additional data omitted)
  log# 4
  emitter: 0x0200C29006150606B650577BBE7B6248F58470c1
  topics: 3
  0xddf252ad1be2c89b69c2b068fc378daa952ba7f163c4a11628f55a4df523b3ef
  0x0000000000000000000000005615deb798bb3e4dfa0139dfa1b3d433cc23b72f
  0x00000000000000000000000099cbf1ff4527675ed3301671105c9f7748fb8a04
  data length: 32
  0x0000000000000000000000000000000000000000000000000000000005e69ec0
  ...additional logs omitted

Traces:
  [1291899] MainnetForkTest::testFullE2EFlowAcross()
    ├─ [0] VM::selectFork(0)
    │   └─ ← [Return]
    ├─ [5031] 0xdAC17F958D2ee523a2206206994597C13D831ec7::balanceOf(0x00000009eEE278329552382a472A7d06c773D7B3) [staticcall]
    │   └─ ← [Return] 200000000 [2e8]
    ├─ [0] console::log("=== E2E Test: Across Bridge ===") [staticcall]
    │   └─ ← [Stop]
    ├─ [0] console::log("Step 1: L1 Treasury USDT balance:", 200000000 [2e8]) [staticcall]
    │   └─ ← [Stop]
    ├─ [0] VM::startPrank(0x00000009eEE278329552382a472A7d06c773D7B3)
    │   └─ ← [Return]
    ├─ [0] VM::recordLogs()
    │   └─ ← [Return]
    ├─ [48549] 0xdAC17F958D2ee523a2206206994597C13D831ec7::095ea7b3(000000000000000000000000f62849f9a0b5bf2913b396098f7c7019b51a820a0000000000000000000000000000000000000000000000000000000005f5e100)
    │   ├─  emit topic 0: 0x8c5be1e5ebec7d5bd14f71427d1e84f3dd0314c0f7b2291e5b200ac8c7c3b925
    │   │        topic 1: 0x00000000000000000000000000000009eee278329552382a472a7d06c773d7b3
    │   │        topic 2: 0x000000000000000000000000f62849f9a0b5bf2913b396098f7c7019b51a820a
    │   │           data: 0x0000000000000000000000000000000000000000000000000000000005f5e100
    │   └─ ← [Stop]
    ├─ [55105] L1DepositorV2_PRODUCTION::depositToL2(0xdAC17F958D2ee523a2206206994597C13D831ec7, 100000000 [1e8], 99000000 [9.9e7])
    │   └─ ← [Revert] SlippageTooHigh()
    ├─ [0] console::log("!!! Step 1: L1 deposit revert") [staticcall]
    │   └─ ← [Stop]
    ├─ [0] console::log("revert data length:", 4) [staticcall]
    │   └─ ← [Stop]
    ├─ [0] console::log(0x850c6f7600000000000000000000000000000000000000000000000000000000) [staticcall]
    │   └─ ← [Stop]
    ├─ [0] VM::getRecordedLogs() [staticcall]
    │   └─ ← [Return] [([0x8c5be1e5ebec7d5bd14f71427d1e84f3dd0314c0f7b2291e5b200ac8c7c3b925, 0x00000000000000000000000000000009eee278329552382a472a7d06c773d7b3, 0x000000000000000000000000f62849f9a0b5bf2913b396098f7c7019b51a820a], 0x0000000000000000000000000000000000000000000000000000000005f5e100, 0xdAC17F958D2ee523a2206206994597C13D831ec7)]
    ├─ [0] console::log("--- Across HubPool deposit logs ---") [staticcall]
    │   └─ ← [Stop]
    ├─ [0] console::log("entry count:", 1) [staticcall]
    │   └─ ← [Stop]
    ├─ [0] console::log("log#", 0) [staticcall]
    │   └─ ← [Stop]
    ├─ [0] console::log("emitter:", 0xdAC17F958D2ee523a2206206994597C13D831ec7) [staticcall]
    │   └─ ← [Stop]
    ├─ [0] console::log("topics:", 3) [staticcall]
    │   └─ ← [Stop]
    ├─ [0] console::log(0x8c5be1e5ebec7d5bd14f71427d1e84f3dd0314c0f7b2291e5b200ac8c7c3b925) [staticcall]
    │   └─ ← [Stop]
    ├─ [0] console::log(0x00000000000000000000000000000009eee278329552382a472a7d06c773d7b3) [staticcall]
    │   └─ ← [Stop]
    ├─ [0] console::log(0x000000000000000000000000f62849f9a0b5bf2913b396098f7c7019b51a820a) [staticcall]
    │   └─ ← [Stop]
    ├─ [0] console::log("data length:", 32) [staticcall]
    │   └─ ← [Stop]
    ├─ [0] console::log(0x0000000000000000000000000000000000000000000000000000000005f5e100) [staticcall]
    │   └─ ← [Stop]
    ├─ [0] VM::stopPrank()
    │   └─ ← [Return]
    ├─ [5031] 0xdAC17F958D2ee523a2206206994597C13D831ec7::balanceOf(0x00000009eEE278329552382a472A7d06c773D7B3) [staticcall]
    │   └─ ← [Return] 200000000 [2e8]
    ├─ [0] console::log("Step 1: L1 Treasury USDT balance after:", 200000000 [2e8]) [staticcall]
    │   └─ ← [Stop]
    ├─ [0] VM::selectFork(1)
    │   └─ ← [Return]
    ├─ [9740] 0x0200C29006150606B650577BBE7B6248F58470c1::balanceOf(0x00000009eEE278329552382a472A7d06c773D7B3) [staticcall]
    │   ├─ [2580] 0x06d886Ff518b5E642E7E6aaD3cE797B7DABD8e9a::balanceOf(0x00000009eEE278329552382a472A7d06c773D7B3) [delegatecall]
    │   │   └─ ← [Return] 500000814 [5e8]
    │   └─ ← [Return] 500000814 [5e8]
    ├─ [0] console::log("Step 2: L2 Treasury USDT0 balance before fill:", 500000814 [5e8]) [staticcall]
    │   └─ ← [Stop]
    ├─ [0] VM::selectFork(1)
    │   └─ ← [Return]
    ├─ [9740] 0x0200C29006150606B650577BBE7B6248F58470c1::balanceOf(0xeF684C38F94F48775959ECf2012D7E864ffb9dd4) [staticcall]
    │   ├─ [2580] 0x06d886Ff518b5E642E7E6aaD3cE797B7DABD8e9a::balanceOf(0xeF684C38F94F48775959ECf2012D7E864ffb9dd4) [delegatecall]
    │   │   └─ ← [Return] 0
    │   └─ ← [Return] 0
    ├─ [0] VM::startPrank(0x2D27Bf7AD3303bDCF341C5890296Ad8B49D68829)
    │   └─ ← [Return]
    ├─ [60924] 0x0200C29006150606B650577BBE7B6248F58470c1::a9059cbb(000000000000000000000000ef684c38f94f48775959ecf2012d7e864ffb9dd40000000000000000000000000000000000000000000000000000000005e69ec0)
    │   ├─ [32153] 0x06d886Ff518b5E642E7E6aaD3cE797B7DABD8e9a::a9059cbb(000000000000000000000000ef684c38f94f48775959ecf2012d7e864ffb9dd40000000000000000000000000000000000000000000000000000000005e69ec0) [delegatecall]
    │   │   ├─  emit topic 0: 0xddf252ad1be2c89b69c2b068fc378daa952ba7f163c4a11628f55a4df523b3ef
    │   │   │        topic 1: 0x0000000000000000000000002d27bf7ad3303bdcf341c5890296ad8b49d68829
    │   │   │        topic 2: 0x000000000000000000000000ef684c38f94f48775959ecf2012d7e864ffb9dd4
    │   │   │           data: 0x0000000000000000000000000000000000000000000000000000000005e69ec0
    │   │   └─ ← [Return] 0x0000000000000000000000000000000000000000000000000000000000000001
    │   └─ ← [Return] 0x0000000000000000000000000000000000000000000000000000000000000001
    ├─ [0] VM::stopPrank()
    │   └─ ← [Return]
    ├─ [0] VM::startPrank(0xeF684C38F94F48775959ECf2012D7E864ffb9dd4)
    │   └─ ← [Return]
    ├─ [38988] 0x0200C29006150606B650577BBE7B6248F58470c1::a9059cbb(00000000000000000000000000000009eee278329552382a472a7d06c773d7b30000000000000000000000000000000000000000000000000000000005e69ec0)
    │   ├─ [15053] 0x06d886Ff518b5E642E7E6aaD3cE797B7DABD8e9a::a9059cbb(00000000000000000000000000000009eee278329552382a472a7d06c773d7b30000000000000000000000000000000000000000000000000000000005e69ec0) [delegatecall]
    │   │   ├─  emit topic 0: 0xddf252ad1be2c89b69c2b068fc378daa952ba7f163c4a11628f55a4df523b3ef
    │   │   │        topic 1: 0x000000000000000000000000ef684c38f94f48775959ecf2012d7e864ffb9dd4
    │   │   │        topic 2: 0x00000000000000000000000000000009eee278329552382a472a7d06c773d7b3
    │   │   │           data: 0x0000000000000000000000000000000000000000000000000000000005e69ec0
    │   │   └─ ← [Return] 0x0000000000000000000000000000000000000000000000000000000000000001
    │   └─ ← [Return] 0x0000000000000000000000000000000000000000000000000000000000000001
    ├─ [0] VM::stopPrank()
    │   └─ ← [Return]
    ├─ [9740] 0x0200C29006150606B650577BBE7B6248F58470c1::balanceOf(0x00000009eEE278329552382a472A7d06c773D7B3) [staticcall]
    │   ├─ [2580] 0x06d886Ff518b5E642E7E6aaD3cE797B7DABD8e9a::balanceOf(0x00000009eEE278329552382a472A7d06c773D7B3) [delegatecall]
    │   │   └─ ← [Return] 599000814 [5.99e8]
    │   └─ ← [Return] 599000814 [5.99e8]
    ├─ [0] console::log("Step 2: L2 Treasury USDT0 balance after fill:", 599000814 [5.99e8]) [staticcall]
    │   └─ ← [Stop]
    ├─ [0] VM::startPrank(0x00000009eEE278329552382a472A7d06c773D7B3)
    │   └─ ← [Return]
    ├─ [53377] 0x0200C29006150606B650577BBE7B6248F58470c1::095ea7b3(0000000000000000000000005615deb798bb3e4dfa0139dfa1b3d433cc23b72f0000000000000000000000000000000000000000000000000000000005e69ec0)
    │   ├─ [24606] 0x06d886Ff518b5E642E7E6aaD3cE797B7DABD8e9a::095ea7b3(0000000000000000000000005615deb798bb3e4dfa0139dfa1b3d433cc23b72f0000000000000000000000000000000000000000000000000000000005e69ec0) [delegatecall]
    │   │   ├─  emit topic 0: 0x8c5be1e5ebec7d5bd14f71427d1e84f3dd0314c0f7b2291e5b200ac8c7c3b925
    │   │   │        topic 1: 0x00000000000000000000000000000009eee278329552382a472a7d06c773d7b3
    │   │   │        topic 2: 0x0000000000000000000000005615deb798bb3e4dfa0139dfa1b3d433cc23b72f
    │   │   │           data: 0x0000000000000000000000000000000000000000000000000000000005e69ec0
    │   │   └─ ← [Return] 0x0000000000000000000000000000000000000000000000000000000000000001
    │   └─ ← [Return] 0x0000000000000000000000000000000000000000000000000000000000000001
    ├─ [0] VM::recordLogs()
    │   └─ ← [Return]
    ├─ [329138] BundledYieldVaultV2_PRODUCTION::deposit(0x0200C29006150606B650577BBE7B6248F58470c1, 99000000 [9.9e7])
    │   ├─ [48878] 0x0200C29006150606B650577BBE7B6248F58470c1::23b872dd(00000000000000000000000000000009eee278329552382a472a7d06c773d7b30000000000000000000000005615deb798bb3e4dfa0139dfa1b3d433cc23b72f0000000000000000000000000000000000000000000000000000000005e69ec0)
    │   │   ├─ [41709] 0x06d886Ff518b5E642E7E6aaD3cE797B7DABD8e9a::23b872dd(00000000000000000000000000000009eee278329552382a472a7d06c773d7b30000000000000000000000005615deb798bb3e4dfa0139dfa1b3d433cc23b72f0000000000000000000000000000000000000000000000000000000005e69ec0) [delegatecall]
    │   │   │   ├─  emit topic 0: 0xddf252ad1be2c89b69c2b068fc378daa952ba7f163c4a11628f55a4df523b3ef
    │   │   │   │        topic 1: 0x00000000000000000000000000000009eee278329552382a472a7d06c773d7b3
    │   │   │   │        topic 2: 0x0000000000000000000000005615deb798bb3e4dfa0139dfa1b3d433cc23b72f
    │   │   │   │           data: 0x0000000000000000000000000000000000000000000000000000000005e69ec0
    │   │   │   ├─  emit topic 0: 0x8c5be1e5ebec7d5bd14f71427d1e84f3dd0314c0f7b2291e5b200ac8c7c3b925
    │   │   │   │        topic 1: 0x00000000000000000000000000000009eee278329552382a472a7d06c773d7b3
    │   │   │   │        topic 2: 0x0000000000000000000000005615deb798bb3e4dfa0139dfa1b3d433cc23b72f
    │   │   │   │           data: 0x0000000000000000000000000000000000000000000000000000000000000000
    │   │   │   └─ ← [Return] 0x0000000000000000000000000000000000000000000000000000000000000001
    │   │   └─ ← [Return] 0x0000000000000000000000000000000000000000000000000000000000000001
    │   ├─ [25269] 0x0200C29006150606B650577BBE7B6248F58470c1::095ea7b3(0000000000000000000000002816cf15f6d2a220e789aa011d5ee4eb6c47feba0000000000000000000000000000000000000000000000000000000005e69ec0)
    │   │   ├─ [24606] 0x06d886Ff518b5E642E7E6aaD3cE797B7DABD8e9a::095ea7b3(0000000000000000000000002816cf15f6d2a220e789aa011d5ee4eb6c47feba0000000000000000000000000000000000000000000000000000000005e69ec0) [delegatecall]
    │   │   │   ├─  emit topic 0: 0x8c5be1e5ebec7d5bd14f71427d1e84f3dd0314c0f7b2291e5b200ac8c7c3b925
    │   │   │   │        topic 1: 0x0000000000000000000000005615deb798bb3e4dfa0139dfa1b3d433cc23b72f
    │   │   │   │        topic 2: 0x0000000000000000000000002816cf15f6d2a220e789aa011d5ee4eb6c47feba
    │   │   │   │           data: 0x0000000000000000000000000000000000000000000000000000000005e69ec0
    │   │   │   └─ ← [Return] 0x0000000000000000000000000000000000000000000000000000000000000001
    │   │   └─ ← [Return] 0x0000000000000000000000000000000000000000000000000000000000000001
    │   ├─ [161809] 0x2816cf15F6d2A220E789aA011D5EE4eB6c47FEbA::supply(0x0200C29006150606B650577BBE7B6248F58470c1, 99000000 [9.9e7], BundledYieldVaultV2_PRODUCTION: [0x5615dEB798BB3E4dFa0139dFa1b3D433Cc23b72f], 0)
    │   │   ├─ [156694] 0x2aB3580a805fB10CbAd567212C70e26C1B6769eC::supply(0x0200C29006150606B650577BBE7B6248F58470c1, 99000000 [9.9e7], BundledYieldVaultV2_PRODUCTION: [0x5615dEB798BB3E4dFa0139dFa1b3D433Cc23b72f], 0) [delegatecall]
    │   │   │   ├─ [152600] 0x034Fd14b9Ae6bB066a1F9f85A55e990b0b25c168::1913f161(0000000000000000000000000000000000000000000000000000000000000034000000000000000000000000000000000000000000000000000000000000003602d183c14bea6b53d1a60b293e9416ed749f2af0faddac5a251f02731f788fbe0000000000000000000000005615deb798bb3e4dfa0139dfa1b3d433cc23b72f0000000000000000000000000200c29006150606b650577bbe7b6248f58470c1000000000000000000000000cfdada7dcd2e785cf706badbc2b8af5084d595e90000000000000000000000000000000000000000000000000000000005e69ec00000000000000000000000005615deb798bb3e4dfa0139dfa1b3d433cc23b72f0000000000000000000000000000000000000000000000000000000000000000) [delegatecall]
    │   │   │   │   ├─ [7473] 0xA5d61eF3D06234371507e54FB709F401E590719a::b1bf962d() [staticcall]
    │   │   │   │   │   ├─ [2373] 0x294daB91f3539f5a74Ed995a59235eE62A14A345::b1bf962d() [delegatecall]
    │   │   │   │   │   │   └─ ← [Return] 0x0000000000000000000000000000000000000000000000000000474a685f3ece
    │   │   │   │   │   └─ ← [Return] 0x0000000000000000000000000000000000000000000000000000474a685f3ece
    │   │   │   │   ├─ [7517] 0x99cBF1Ff4527675Ed3301671105C9F7748fb8a04::b1bf962d() [staticcall]
    │   │   │   │   │   ├─ [2417] 0xd8247C7926841337E8adf9fD9E87026992C45062::b1bf962d() [delegatecall]
    │   │   │   │   │   │   └─ ← [Return] 0x00000000000000000000000000000000000000000000000000008af20237e06b
    │   │   │   │   │   └─ ← [Return] 0x00000000000000000000000000000000000000000000000000008af20237e06b
    │   │   │   │   ├─ [5420] 0xCFDAdA7DCd2e785cF706BaDBC2B8Af5084d595e9::b90db31b(00000000000000000000000000000000000000000000000000000000000000000000000000000000000000000000000000000000000000000000000005e69ec0000000000000000000000000000000000000000000000000000000000000000000000000000000000000000000000000000000000000000000004771778902ef00000000000000000000000000000000000000000000000000000000000003e80000000000000000000000000200c29006150606b650577bbe7b6248f58470c10000000000000000000000000000000000000000000000000000000000000001000000000000000000000000000000000000000000000000000043a24165fa93) [staticcall]
    │   │   │   │   │   └─ ← [Return] 0x0000000000000000000000000000000000000000000c015cae6fa86885cca40500000000000000000000000000000000000000000019f79d6a1b2d89a878d116
    │   │   │   │   ├─  emit topic 0: 0x804c9b842b2748a22bb64b345453a3de7ca54a6ca45ce00d415894979e22897a
    │   │   │   │   │        topic 1: 0x0000000000000000000000000200c29006150606b650577bbe7b6248f58470c1
    │   │   │   │   │           data: 0x0000000000000000000000000000000000000000000c015cae6fa86885cca405000000000000000000000000000000000000000000000000000000000000000000000000000000000000000000000000000000000019f79d6a1b2d89a878d1160000000000000000000000000000000000000000033bf2b2f059a1aaad46266e0000000000000000000000000000000000000000033cf3703b9be22d9bb415a2
    │   │   │   │   ├─ [13678] 0x0200C29006150606B650577BBE7B6248F58470c1::23b872dd(0000000000000000000000005615deb798bb3e4dfa0139dfa1b3d433cc23b72f00000000000000000000000099cbf1ff4527675ed3301671105c9f7748fb8a040000000000000000000000000000000000000000000000000000000005e69ec0)
    │   │   │   │   │   ├─ [13009] 0x06d886Ff518b5E642E7E6aaD3cE797B7DABD8e9a::23b872dd(0000000000000000000000005615deb798bb3e4dfa0139dfa1b3d433cc23b72f00000000000000000000000099cbf1ff4527675ed3301671105c9f7748fb8a040000000000000000000000000000000000000000000000000000000005e69ec0) [delegatecall]
    │   │   │   │   │   │   ├─  emit topic 0: 0xddf252ad1be2c89b69c2b068fc378daa952ba7f163c4a11628f55a4df523b3ef
    │   │   │   │   │   │   │        topic 1: 0x0000000000000000000000005615deb798bb3e4dfa0139dfa1b3d433cc23b72f
    │   │   │   │   │   │   │        topic 2: 0x00000000000000000000000099cbf1ff4527675ed3301671105c9f7748fb8a04
    │   │   │   │   │   │   │           data: 0x0000000000000000000000000000000000000000000000000000000005e69ec0
    │   │   │   │   │   │   ├─  emit topic 0: 0x8c5be1e5ebec7d5bd14f71427d1e84f3dd0314c0f7b2291e5b200ac8c7c3b925
    │   │   │   │   │   │   │        topic 1: 0x0000000000000000000000005615deb798bb3e4dfa0139dfa1b3d433cc23b72f
    │   │   │   │   │   │   │        topic 2: 0x0000000000000000000000002816cf15f6d2a220e789aa011d5ee4eb6c47feba
    │   │   │   │   │   │   │           data: 0x0000000000000000000000000000000000000000000000000000000000000000
    │   │   │   │   │   │   └─ ← [Return] 0x0000000000000000000000000000000000000000000000000000000000000001
    │   │   │   │   │   └─ ← [Return] 0x0000000000000000000000000000000000000000000000000000000000000001
    │   │   │   │   ├─ [43889] 0x99cBF1Ff4527675Ed3301671105C9F7748fb8a04::b3f1c93d(0000000000000000000000005615deb798bb3e4dfa0139dfa1b3d433cc23b72f0000000000000000000000005615deb798bb3e4dfa0139dfa1b3d433cc23b72f0000000000000000000000000000000000000000000000000000000005e5384c0000000000000000000000000000000000000000033bf2b2f059a1aaad46266e)
    │   │   │   │   │   ├─ [43271] 0xd8247C7926841337E8adf9fD9E87026992C45062::b3f1c93d(0000000000000000000000005615deb798bb3e4dfa0139dfa1b3d433cc23b72f0000000000000000000000005615deb798bb3e4dfa0139dfa1b3d433cc23b72f0000000000000000000000000000000000000000000000000000000005e5384c0000000000000000000000000000000000000000033bf2b2f059a1aaad46266e) [delegatecall]
    │   │   │   │   │   │   ├─ [7836] 0xD93e3Ae8f69D04d484d1652Ca569d4b0522414DF::31873e2e(0000000000000000000000005615deb798bb3e4dfa0139dfa1b3d433cc23b72f00000000000000000000000000000000000000000000000000008af20237e06b0000000000000000000000000000000000000000000000000000000000000000)
    │   │   │   │   │   │   │   ├─ [2727] 0xa93B0339A896A9C116768624f3331A85c1896ff0::31873e2e(0000000000000000000000005615deb798bb3e4dfa0139dfa1b3d433cc23b72f00000000000000000000000000000000000000000000000000008af20237e06b0000000000000000000000000000000000000000000000000000000000000000) [delegatecall]
    │   │   │   │   │   │   │   │   └─ ← [Stop]
    │   │   │   │   │   │   │   └─ ← [Return]
    │   │   │   │   │   │   ├─  emit topic 0: 0xddf252ad1be2c89b69c2b068fc378daa952ba7f163c4a11628f55a4df523b3ef
    │   │   │   │   │   │   │        topic 1: 0x0000000000000000000000000000000000000000000000000000000000000000
    │   │   │   │   │   │   │        topic 2: 0x0000000000000000000000005615deb798bb3e4dfa0139dfa1b3d433cc23b72f
    │   │   │   │   │   │   │           data: 0x0000000000000000000000000000000000000000000000000000000005e69ebf
    │   │   │   │   │   │   ├─  emit topic 0: 0x458f5fa412d0f69b08dd84872b0215675cc67bc1d5b6fd93300a1c3878b86196
    │   │   │   │   │   │   │        topic 1: 0x0000000000000000000000005615deb798bb3e4dfa0139dfa1b3d433cc23b72f
    │   │   │   │   │   │   │        topic 2: 0x0000000000000000000000005615deb798bb3e4dfa0139dfa1b3d433cc23b72f
    │   │   │   │   │   │   │           data: 0x0000000000000000000000000000000000000000000000000000000005e69ebf00000000000000000000000000000000000000000000000000000000000000000000000000000000000000000000000000000000033bf2b2f059a1aaad46266e
    │   │   │   │   │   │   └─ ← [Return] 0x0000000000000000000000000000000000000000000000000000000000000001
    │   │   │   │   │   └─ ← [Return] 0x0000000000000000000000000000000000000000000000000000000000000001
    │   │   │   │   ├─  emit topic 0: 0x00058a56ea94653cdf4f152d227ace22d4c00ad99e2a43f58cb7d9e3feb295f2
    │   │   │   │   │        topic 1: 0x0000000000000000000000000200c29006150606b650577bbe7b6248f58470c1
    │   │   │   │   │        topic 2: 0x0000000000000000000000005615deb798bb3e4dfa0139dfa1b3d433cc23b72f
    │   │   │   │   │           data: 0x
    │   │   │   │   ├─  emit topic 0: 0x2b627736bca15cd5381dcf80b0bf11fd197d01a037c52b927a881a10fb73ba61
    │   │   │   │   │        topic 1: 0x0000000000000000000000000200c29006150606b650577bbe7b6248f58470c1
    │   │   │   │   │        topic 2: 0x0000000000000000000000005615deb798bb3e4dfa0139dfa1b3d433cc23b72f
    │   │   │   │   │        topic 3: 0x0000000000000000000000000000000000000000000000000000000000000000
    │   │   │   │   │           data: 0x0000000000000000000000005615deb798bb3e4dfa0139dfa1b3d433cc23b72f0000000000000000000000000000000000000000000000000000000005e69ec0
    │   │   │   │   └─ ← [Stop]
    │   │   │   └─ ← [Stop]
    │   │   └─ ← [Return]
    │   ├─ [11253] 0x2816cf15F6d2A220E789aA011D5EE4eB6c47FEbA::getReserveData(0x0200C29006150606B650577BBE7B6248F58470c1) [staticcall]
    │   │   ├─ [10572] 0x2aB3580a805fB10CbAd567212C70e26C1B6769eC::getReserveData(0x0200C29006150606B650577BBE7B6248F58470c1) [delegatecall]
    │   │   │   ├─ [2531] 0x4172E6aAEC070ACB31aaCE343A58c93E4C70f44D::21f8a721(4d4f434b5f535441424c455f4445425400000000000000000000000000000000) [staticcall]
    │   │   │   │   └─ ← [Return] 0x0000000000000000000000000000000000000000000000000000000000000000
    │   │   │   └─ ← [Return] 7237005577332262213973186568752005780840647971109873585926450172226866519372 [7.237e75], 1000927766349649498377430638 [1e27], 14513541871763452909626373 [1.451e25], 1002140184026861891054998946 [1.002e27], 31392473796208965786849558 [3.139e25], 0, 1762945677 [1.762e9], 2, 0x99cBF1Ff4527675Ed3301671105C9F7748fb8a04, 0x0000000000000000000000000000000000000000, 0xA5d61eF3D06234371507e54FB709F401E590719a, 0xCFDAdA7DCd2e785cF706BaDBC2B8Af5084d595e9, 3059737411 [3.059e9], 0, 0
    │   │   └─ ← [Return] 7237005577332262213973186568752005780840647971109873585926450172226866519372 [7.237e75], 1000927766349649498377430638 [1e27], 14513541871763452909626373 [1.451e25], 1002140184026861891054998946 [1.002e27], 31392473796208965786849558 [3.139e25], 0, 1762945677 [1.762e9], 2, 0x99cBF1Ff4527675Ed3301671105C9F7748fb8a04, 0x0000000000000000000000000000000000000000, 0xA5d61eF3D06234371507e54FB709F401E590719a, 0xCFDAdA7DCd2e785cF706BaDBC2B8Af5084d595e9, 3059737411 [3.059e9], 0, 0
    │   ├─ emit Deposited(token: 0x0200C29006150606B650577BBE7B6248F58470c1, amount: 99000000 [9.9e7])
    │   └─ ← [Return]
    ├─ [0] console::log("Step 3: L2 deposit to Tydro executed, amount:", 99000000 [9.9e7]) [staticcall]
    │   └─ ← [Stop]
    ├─ [0] VM::getRecordedLogs() [staticcall]
    │   └─ ← [Return] [([0xddf252ad1be2c89b69c2b068fc378daa952ba7f163c4a11628f55a4df523b3ef, 0x00000000000000000000000000000009eee278329552382a472a7d06c773d7b3, 0x0000000000000000000000005615deb798bb3e4dfa0139dfa1b3d433cc23b72f], 0x0000000000000000000000000000000000000000000000000000000005e69ec0, 0x0200C29006150606B650577BBE7B6248F58470c1), ([0x8c5be1e5ebec7d5bd14f71427d1e84f3dd0314c0f7b2291e5b200ac8c7c3b925, 0x00000000000000000000000000000009eee278329552382a472a7d06c773d7b3, 0x0000000000000000000000005615deb798bb3e4dfa0139dfa1b3d433cc23b72f], 0x0000000000000000000000000000000000000000000000000000000000000000, 0x0200C29006150606B650577BBE7B6248F58470c1), ([0x8c5be1e5ebec7d5bd14f71427d1e84f3dd0314c0f7b2291e5b200ac8c7c3b925, 0x0000000000000000000000005615deb798bb3e4dfa0139dfa1b3d433cc23b72f, 0x0000000000000000000000002816cf15f6d2a220e789aa011d5ee4eb6c47feba], 0x0000000000000000000000000000000000000000000000000000000005e69ec0, 0x0200C29006150606B650577BBE7B6248F58470c1), ([0x804c9b842b2748a22bb64b345453a3de7ca54a6ca45ce00d415894979e22897a, 0x0000000000000000000000000200c29006150606b650577bbe7b6248f58470c1], 0x0000000000000000000000000000000000000000000c015cae6fa86885cca405000000000000000000000000000000000000000000000000000000000000000000000000000000000000000000000000000000000019f79d6a1b2d89a878d1160000000000000000000000000000000000000000033bf2b2f059a1aaad46266e0000000000000000000000000000000000000000033cf3703b9be22d9bb415a2, 0x2816cf15F6d2A220E789aA011D5EE4eB6c47FEbA), ([0xddf252ad1be2c89b69c2b068fc378daa952ba7f163c4a11628f55a4df523b3ef, 0x0000000000000000000000005615deb798bb3e4dfa0139dfa1b3d433cc23b72f, 0x00000000000000000000000099cbf1ff4527675ed3301671105c9f7748fb8a04], 0x0000000000000000000000000000000000000000000000000000000005e69ec0, 0x0200C29006150606B650577BBE7B6248F58470c1), ([0x8c5be1e5ebec7d5bd14f71427d1e84f3dd0314c0f7b2291e5b200ac8c7c3b925, 0x0000000000000000000000005615deb798bb3e4dfa0139dfa1b3d433cc23b72f, 0x0000000000000000000000002816cf15f6d2a220e789aa011d5ee4eb6c47feba], 0x0000000000000000000000000000000000000000000000000000000000000000, 0x0200C29006150606B650577BBE7B6248F58470c1), ([0xddf252ad1be2c89b69c2b068fc378daa952ba7f163c4a11628f55a4df523b3ef, 0x0000000000000000000000000000000000000000000000000000000000000000, 0x0000000000000000000000005615deb798bb3e4dfa0139dfa1b3d433cc23b72f], 0x0000000000000000000000000000000000000000000000000000000005e69ebf, 0x99cBF1Ff4527675Ed3301671105C9F7748fb8a04), ([0x458f5fa412d0f69b08dd84872b0215675cc67bc1d5b6fd93300a1c3878b86196, 0x0000000000000000000000005615deb798bb3e4dfa0139dfa1b3d433cc23b72f, 0x0000000000000000000000005615deb798bb3e4dfa0139dfa1b3d433cc23b72f], 0x0000000000000000000000000000000000000000000000000000000005e69ebf00000000000000000000000000000000000000000000000000000000000000000000000000000000000000000000000000000000033bf2b2f059a1aaad46266e, 0x99cBF1Ff4527675Ed3301671105C9F7748fb8a04), ([0x00058a56ea94653cdf4f152d227ace22d4c00ad99e2a43f58cb7d9e3feb295f2, 0x0000000000000000000000000200c29006150606b650577bbe7b6248f58470c1, 0x0000000000000000000000005615deb798bb3e4dfa0139dfa1b3d433cc23b72f], 0x, 0x2816cf15F6d2A220E789aA011D5EE4eB6c47FEbA), ([0x2b627736bca15cd5381dcf80b0bf11fd197d01a037c52b927a881a10fb73ba61, 0x0000000000000000000000000200c29006150606b650577bbe7b6248f58470c1, 0x0000000000000000000000005615deb798bb3e4dfa0139dfa1b3d433cc23b72f, 0x0000000000000000000000000000000000000000000000000000000000000000], 0x0000000000000000000000005615deb798bb3e4dfa0139dfa1b3d433cc23b72f0000000000000000000000000000000000000000000000000000000005e69ec0, 0x2816cf15F6d2A220E789aA011D5EE4eB6c47FEbA), ([0x2da466a7b24304f47e87fa2e1e5a81b9831ce54fec19055ce277ca2f39ba42c4, 0x0000000000000000000000000200c29006150606b650577bbe7b6248f58470c1], 0x0000000000000000000000000000000000000000000000000000000005e69ec0, 0x5615dEB798BB3E4dFa0139dFa1b3D433Cc23b72f)]
    ├─ [0] console::log("--- Tydro deposit logs ---") [staticcall]
    │   └─ ← [Stop]
    ├─ [0] console::log("entry count:", 11) [staticcall]
    │   └─ ← [Stop]
    ├─ [0] console::log("log#", 0) [staticcall]
    │   └─ ← [Stop]
    ├─ [0] console::log("emitter:", 0x0200C29006150606B650577BBE7B6248F58470c1) [staticcall]
    │   └─ ← [Stop]
    ├─ [0] console::log("topics:", 3) [staticcall]
    │   └─ ← [Stop]
    ├─ [0] console::log(0xddf252ad1be2c89b69c2b068fc378daa952ba7f163c4a11628f55a4df523b3ef) [staticcall]
    │   └─ ← [Stop]
    ├─ [0] console::log(0x00000000000000000000000000000009eee278329552382a472a7d06c773d7b3) [staticcall]
    │   └─ ← [Stop]
    ├─ [0] console::log(0x0000000000000000000000005615deb798bb3e4dfa0139dfa1b3d433cc23b72f) [staticcall]
    │   └─ ← [Stop]
    ├─ [0] console::log("data length:", 32) [staticcall]
    │   └─ ← [Stop]
    ├─ [0] console::log(0x0000000000000000000000000000000000000000000000000000000005e69ec0) [staticcall]
    │   └─ ← [Stop]
    ├─ [0] console::log("log#", 1) [staticcall]
    │   └─ ← [Stop]
    ├─ [0] console::log("emitter:", 0x0200C29006150606B650577BBE7B6248F58470c1) [staticcall]
    │   └─ ← [Stop]
    ├─ [0] console::log("topics:", 3) [staticcall]
    │   └─ ← [Stop]
    ├─ [0] console::log(0x8c5be1e5ebec7d5bd14f71427d1e84f3dd0314c0f7b2291e5b200ac8c7c3b925) [staticcall]
    │   └─ ← [Stop]
    ├─ [0] console::log(0x00000000000000000000000000000009eee278329552382a472a7d06c773d7b3) [staticcall]
    │   └─ ← [Stop]
    ├─ [0] console::log(0x0000000000000000000000005615deb798bb3e4dfa0139dfa1b3d433cc23b72f) [staticcall]
    │   └─ ← [Stop]
    ├─ [0] console::log("data length:", 32) [staticcall]
    │   └─ ← [Stop]
    ├─ [0] console::log(0x0000000000000000000000000000000000000000000000000000000000000000) [staticcall]
    │   └─ ← [Stop]
    ├─ [0] console::log("log#", 2) [staticcall]
    │   └─ ← [Stop]
    ├─ [0] console::log("emitter:", 0x0200C29006150606B650577BBE7B6248F58470c1) [staticcall]
    │   └─ ← [Stop]
    ├─ [0] console::log("topics:", 3) [staticcall]
    │   └─ ← [Stop]
    ├─ [0] console::log(0x8c5be1e5ebec7d5bd14f71427d1e84f3dd0314c0f7b2291e5b200ac8c7c3b925) [staticcall]
    │   └─ ← [Stop]
    ├─ [0] console::log(0x0000000000000000000000005615deb798bb3e4dfa0139dfa1b3d433cc23b72f) [staticcall]
    │   └─ ← [Stop]
    ├─ [0] console::log(0x0000000000000000000000002816cf15f6d2a220e789aa011d5ee4eb6c47feba) [staticcall]
    │   └─ ← [Stop]
    ├─ [0] console::log("data length:", 32) [staticcall]
    │   └─ ← [Stop]
    ├─ [0] console::log(0x0000000000000000000000000000000000000000000000000000000005e69ec0) [staticcall]
    │   └─ ← [Stop]
    ├─ [0] console::log("log#", 3) [staticcall]
    │   └─ ← [Stop]
    ├─ [0] console::log("emitter:", 0x2816cf15F6d2A220E789aA011D5EE4eB6c47FEbA) [staticcall]
    │   └─ ← [Stop]
    ├─ [0] console::log("topics:", 2) [staticcall]
    │   └─ ← [Stop]
    ├─ [0] console::log(0x804c9b842b2748a22bb64b345453a3de7ca54a6ca45ce00d415894979e22897a) [staticcall]
    │   └─ ← [Stop]
    ├─ [0] console::log(0x0000000000000000000000000200c29006150606b650577bbe7b6248f58470c1) [staticcall]
    │   └─ ← [Stop]
    ├─ [0] console::log("data length:", 160) [staticcall]
    │   └─ ← [Stop]
    ├─ [0] console::log(0x0000000000000000000000000000000000000000000c015cae6fa86885cca405) [staticcall]
    │   └─ ← [Stop]
    ├─ [0] console::log(0x0000000000000000000000000000000000000000000000000000000000000000) [staticcall]
    │   └─ ← [Stop]
    ├─ [0] console::log("...(additional data omitted)") [staticcall]
    │   └─ ← [Stop]
    ├─ [0] console::log("log#", 4) [staticcall]
    │   └─ ← [Stop]
    ├─ [0] console::log("emitter:", 0x0200C29006150606B650577BBE7B6248F58470c1) [staticcall]
    │   └─ ← [Stop]
    ├─ [0] console::log("topics:", 3) [staticcall]
    │   └─ ← [Stop]
    ├─ [0] console::log(0xddf252ad1be2c89b69c2b068fc378daa952ba7f163c4a11628f55a4df523b3ef) [staticcall]
    │   └─ ← [Stop]
    ├─ [0] console::log(0x0000000000000000000000005615deb798bb3e4dfa0139dfa1b3d433cc23b72f) [staticcall]
    │   └─ ← [Stop]
    ├─ [0] console::log(0x00000000000000000000000099cbf1ff4527675ed3301671105c9f7748fb8a04) [staticcall]
    │   └─ ← [Stop]
    ├─ [0] console::log("data length:", 32) [staticcall]
    │   └─ ← [Stop]
    ├─ [0] console::log(0x0000000000000000000000000000000000000000000000000000000005e69ec0) [staticcall]
    │   └─ ← [Stop]
    ├─ [0] console::log("...additional logs omitted") [staticcall]
    │   └─ ← [Stop]
    ├─ [0] VM::stopPrank()
    │   └─ ← [Return]
    ├─ [29753] 0x2816cf15F6d2A220E789aA011D5EE4eB6c47FEbA::getReserveData(0x0200C29006150606B650577BBE7B6248F58470c1) [staticcall]
    │   ├─ [24572] 0x2aB3580a805fB10CbAd567212C70e26C1B6769eC::getReserveData(0x0200C29006150606B650577BBE7B6248F58470c1) [delegatecall]
    │   │   ├─ [2531] 0x4172E6aAEC070ACB31aaCE343A58c93E4C70f44D::21f8a721(4d4f434b5f535441424c455f4445425400000000000000000000000000000000) [staticcall]
    │   │   │   └─ ← [Return] 0x0000000000000000000000000000000000000000000000000000000000000000
    │   │   └─ ← [Return] 7237005577332262213973186568752005780840647971109873585926450172226866519372 [7.237e75], 1000927766349649498377430638 [1e27], 14513541871763452909626373 [1.451e25], 1002140184026861891054998946 [1.002e27], 31392473796208965786849558 [3.139e25], 0, 1762945677 [1.762e9], 2, 0x99cBF1Ff4527675Ed3301671105C9F7748fb8a04, 0x0000000000000000000000000000000000000000, 0xA5d61eF3D06234371507e54FB709F401E590719a, 0xCFDAdA7DCd2e785cF706BaDBC2B8Af5084d595e9, 3059737411 [3.059e9], 0, 0
    │   └─ ← [Return] 7237005577332262213973186568752005780840647971109873585926450172226866519372 [7.237e75], 1000927766349649498377430638 [1e27], 14513541871763452909626373 [1.451e25], 1002140184026861891054998946 [1.002e27], 31392473796208965786849558 [3.139e25], 0, 1762945677 [1.762e9], 2, 0x99cBF1Ff4527675Ed3301671105C9F7748fb8a04, 0x0000000000000000000000000000000000000000, 0xA5d61eF3D06234371507e54FB709F401E590719a, 0xCFDAdA7DCd2e785cF706BaDBC2B8Af5084d595e9, 3059737411 [3.059e9], 0, 0
    ├─ [22880] 0x99cBF1Ff4527675Ed3301671105C9F7748fb8a04::balanceOf(BundledYieldVaultV2_PRODUCTION: [0x5615dEB798BB3E4dFa0139dFa1b3D433Cc23b72f]) [staticcall]
    │   ├─ [17777] 0xd8247C7926841337E8adf9fD9E87026992C45062::balanceOf(BundledYieldVaultV2_PRODUCTION: [0x5615dEB798BB3E4dFa0139dFa1b3D433Cc23b72f]) [delegatecall]
    │   │   ├─ [9970] 0x2816cf15F6d2A220E789aA011D5EE4eB6c47FEbA::d15e0053(0000000000000000000000000200c29006150606b650577bbe7b6248f58470c1) [staticcall]
    │   │   │   ├─ [4867] 0x2aB3580a805fB10CbAd567212C70e26C1B6769eC::d15e0053(0000000000000000000000000200c29006150606b650577bbe7b6248f58470c1) [delegatecall]
    │   │   │   │   └─ ← [Return] 0x0000000000000000000000000000000000000000033bf2b2f059a1aaad46266e
    │   │   │   └─ ← [Return] 0x0000000000000000000000000000000000000000033bf2b2f059a1aaad46266e
    │   │   └─ ← [Return] 98999999 [9.899e7]
    │   └─ ← [Return] 98999999 [9.899e7]
    ├─ [22880] 0x99cBF1Ff4527675Ed3301671105C9F7748fb8a04::balanceOf(BundledYieldVaultV2_PRODUCTION: [0x5615dEB798BB3E4dFa0139dFa1b3D433Cc23b72f]) [staticcall]
    │   ├─ [17777] 0xd8247C7926841337E8adf9fD9E87026992C45062::balanceOf(BundledYieldVaultV2_PRODUCTION: [0x5615dEB798BB3E4dFa0139dFa1b3D433Cc23b72f]) [delegatecall]
    │   │   ├─ [9970] 0x2816cf15F6d2A220E789aA011D5EE4eB6c47FEbA::d15e0053(0000000000000000000000000200c29006150606b650577bbe7b6248f58470c1) [staticcall]
    │   │   │   ├─ [4867] 0x2aB3580a805fB10CbAd567212C70e26C1B6769eC::d15e0053(0000000000000000000000000200c29006150606b650577bbe7b6248f58470c1) [delegatecall]
    │   │   │   │   └─ ← [Return] 0x0000000000000000000000000000000000000000033bf2b2f059a1aaad46266e
    │   │   │   └─ ← [Return] 0x0000000000000000000000000000000000000000033bf2b2f059a1aaad46266e
    │   │   └─ ← [Return] 98999999 [9.899e7]
    │   └─ ← [Return] 98999999 [9.899e7]
    ├─ [0] VM::record()
    │   └─ ← [Return]
    ├─ [22880] 0x99cBF1Ff4527675Ed3301671105C9F7748fb8a04::balanceOf(BundledYieldVaultV2_PRODUCTION: [0x5615dEB798BB3E4dFa0139dFa1b3D433Cc23b72f]) [staticcall]
    │   ├─ [17777] 0xd8247C7926841337E8adf9fD9E87026992C45062::balanceOf(BundledYieldVaultV2_PRODUCTION: [0x5615dEB798BB3E4dFa0139dFa1b3D433Cc23b72f]) [delegatecall]
    │   │   ├─ [9970] 0x2816cf15F6d2A220E789aA011D5EE4eB6c47FEbA::d15e0053(0000000000000000000000000200c29006150606b650577bbe7b6248f58470c1) [staticcall]
    │   │   │   ├─ [4867] 0x2aB3580a805fB10CbAd567212C70e26C1B6769eC::d15e0053(0000000000000000000000000200c29006150606b650577bbe7b6248f58470c1) [delegatecall]
    │   │   │   │   └─ ← [Return] 0x0000000000000000000000000000000000000000033bf2b2f059a1aaad46266e
    │   │   │   └─ ← [Return] 0x0000000000000000000000000000000000000000033bf2b2f059a1aaad46266e
    │   │   └─ ← [Return] 98999999 [9.899e7]
    │   └─ ← [Return] 98999999 [9.899e7]
    ├─ [0] VM::accesses(0x99cBF1Ff4527675Ed3301671105C9F7748fb8a04) [staticcall]
    │   └─ ← [Return] [0x360894a13ba1a3210667c828492db98dca3e2076cc3735a920a3ca505d382bbc, 0x000000000000000000000000000000000000000000000000000000000000003d, 0x676bdb2840c22f46284ef29c666c4ce34583f47a6a12315231e8f600a846677b], []
    ├─ [0] VM::load(0x99cBF1Ff4527675Ed3301671105C9F7748fb8a04, 0x676bdb2840c22f46284ef29c666c4ce34583f47a6a12315231e8f600a846677b) [staticcall]
    │   └─ ← [Return] 0x00000000033bf2b2f059a1aaad46266e00000000000000000000000005e5384c
    ├─ [0] VM::load(0x99cBF1Ff4527675Ed3301671105C9F7748fb8a04, 0x676bdb2840c22f46284ef29c666c4ce34583f47a6a12315231e8f600a846677b) [staticcall]
    │   └─ ← [Return] 0x00000000033bf2b2f059a1aaad46266e00000000000000000000000005e5384c
    ├─ [22880] 0x99cBF1Ff4527675Ed3301671105C9F7748fb8a04::balanceOf(BundledYieldVaultV2_PRODUCTION: [0x5615dEB798BB3E4dFa0139dFa1b3D433Cc23b72f]) [staticcall]
    │   ├─ [17777] 0xd8247C7926841337E8adf9fD9E87026992C45062::balanceOf(BundledYieldVaultV2_PRODUCTION: [0x5615dEB798BB3E4dFa0139dFa1b3D433Cc23b72f]) [delegatecall]
    │   │   ├─ [9970] 0x2816cf15F6d2A220E789aA011D5EE4eB6c47FEbA::d15e0053(0000000000000000000000000200c29006150606b650577bbe7b6248f58470c1) [staticcall]
    │   │   │   ├─ [4867] 0x2aB3580a805fB10CbAd567212C70e26C1B6769eC::d15e0053(0000000000000000000000000200c29006150606b650577bbe7b6248f58470c1) [delegatecall]
    │   │   │   │   └─ ← [Return] 0x0000000000000000000000000000000000000000033bf2b2f059a1aaad46266e
    │   │   │   └─ ← [Return] 0x0000000000000000000000000000000000000000033bf2b2f059a1aaad46266e
    │   │   └─ ← [Return] 98999999 [9.899e7]
    │   └─ ← [Return] 98999999 [9.899e7]
    ├─ [0] VM::store(0x99cBF1Ff4527675Ed3301671105C9F7748fb8a04, 0x676bdb2840c22f46284ef29c666c4ce34583f47a6a12315231e8f600a846677b, 0x0000000000000000000000000000000000000000000000000000000000000000)
    │   └─ ← [Return]
    ├─ [22880] 0x99cBF1Ff4527675Ed3301671105C9F7748fb8a04::balanceOf(BundledYieldVaultV2_PRODUCTION: [0x5615dEB798BB3E4dFa0139dFa1b3D433Cc23b72f]) [staticcall]
    │   ├─ [17777] 0xd8247C7926841337E8adf9fD9E87026992C45062::balanceOf(BundledYieldVaultV2_PRODUCTION: [0x5615dEB798BB3E4dFa0139dFa1b3D433Cc23b72f]) [delegatecall]
    │   │   ├─ [9970] 0x2816cf15F6d2A220E789aA011D5EE4eB6c47FEbA::d15e0053(0000000000000000000000000200c29006150606b650577bbe7b6248f58470c1) [staticcall]
    │   │   │   ├─ [4867] 0x2aB3580a805fB10CbAd567212C70e26C1B6769eC::d15e0053(0000000000000000000000000200c29006150606b650577bbe7b6248f58470c1) [delegatecall]
    │   │   │   │   └─ ← [Return] 0x0000000000000000000000000000000000000000033bf2b2f059a1aaad46266e
    │   │   │   └─ ← [Return] 0x0000000000000000000000000000000000000000033bf2b2f059a1aaad46266e
    │   │   └─ ← [Return] 0
    │   └─ ← [Return] 0
    ├─ [0] VM::store(0x99cBF1Ff4527675Ed3301671105C9F7748fb8a04, 0x676bdb2840c22f46284ef29c666c4ce34583f47a6a12315231e8f600a846677b, 0x00000000033bf2b2f059a1aaad46266e00000000000000000000000005e5384c)
    │   └─ ← [Return]
    ├─ [0] VM::load(0x99cBF1Ff4527675Ed3301671105C9F7748fb8a04, 0x000000000000000000000000000000000000000000000000000000000000003d) [staticcall]
    │   └─ ← [Return] 0x0000000000000000000000000200c29006150606b650577bbe7b6248f58470c1
    ├─ [0] VM::load(0x99cBF1Ff4527675Ed3301671105C9F7748fb8a04, 0x000000000000000000000000000000000000000000000000000000000000003d) [staticcall]
    │   └─ ← [Return] 0x0000000000000000000000000200c29006150606b650577bbe7b6248f58470c1
    ├─ [22880] 0x99cBF1Ff4527675Ed3301671105C9F7748fb8a04::balanceOf(BundledYieldVaultV2_PRODUCTION: [0x5615dEB798BB3E4dFa0139dFa1b3D433Cc23b72f]) [staticcall]
    │   ├─ [17777] 0xd8247C7926841337E8adf9fD9E87026992C45062::balanceOf(BundledYieldVaultV2_PRODUCTION: [0x5615dEB798BB3E4dFa0139dFa1b3D433Cc23b72f]) [delegatecall]
    │   │   ├─ [9970] 0x2816cf15F6d2A220E789aA011D5EE4eB6c47FEbA::d15e0053(0000000000000000000000000200c29006150606b650577bbe7b6248f58470c1) [staticcall]
    │   │   │   ├─ [4867] 0x2aB3580a805fB10CbAd567212C70e26C1B6769eC::d15e0053(0000000000000000000000000200c29006150606b650577bbe7b6248f58470c1) [delegatecall]
    │   │   │   │   └─ ← [Return] 0x0000000000000000000000000000000000000000033bf2b2f059a1aaad46266e
    │   │   │   └─ ← [Return] 0x0000000000000000000000000000000000000000033bf2b2f059a1aaad46266e
    │   │   └─ ← [Return] 98999999 [9.899e7]
    │   └─ ← [Return] 98999999 [9.899e7]
    ├─ [0] VM::store(0x99cBF1Ff4527675Ed3301671105C9F7748fb8a04, 0x000000000000000000000000000000000000000000000000000000000000003d, 0x0000000000000000000000000000000000000000000000000000000000000000)
    │   └─ ← [Return]
    ├─ [23340] 0x99cBF1Ff4527675Ed3301671105C9F7748fb8a04::balanceOf(BundledYieldVaultV2_PRODUCTION: [0x5615dEB798BB3E4dFa0139dFa1b3D433Cc23b72f]) [staticcall]
    │   ├─ [18237] 0xd8247C7926841337E8adf9fD9E87026992C45062::balanceOf(BundledYieldVaultV2_PRODUCTION: [0x5615dEB798BB3E4dFa0139dFa1b3D433Cc23b72f]) [delegatecall]
    │   │   ├─ [10430] 0x2816cf15F6d2A220E789aA011D5EE4eB6c47FEbA::d15e0053(0000000000000000000000000000000000000000000000000000000000000000) [staticcall]
    │   │   │   ├─ [5327] 0x2aB3580a805fB10CbAd567212C70e26C1B6769eC::d15e0053(0000000000000000000000000000000000000000000000000000000000000000) [delegatecall]
    │   │   │   │   └─ ← [Return] 0x0000000000000000000000000000000000000000000000000000000000000000
    │   │   │   └─ ← [Return] 0x0000000000000000000000000000000000000000000000000000000000000000
    │   │   └─ ← [Return] 0
    │   └─ ← [Return] 0
    ├─ [0] VM::store(0x99cBF1Ff4527675Ed3301671105C9F7748fb8a04, 0x000000000000000000000000000000000000000000000000000000000000003d, 0x0000000000000000000000000200c29006150606b650577bbe7b6248f58470c1)
    │   └─ ← [Return]
    ├─ [0] VM::load(0x99cBF1Ff4527675Ed3301671105C9F7748fb8a04, 0x360894a13ba1a3210667c828492db98dca3e2076cc3735a920a3ca505d382bbc) [staticcall]
    │   └─ ← [Return] 0x000000000000000000000000d8247c7926841337e8adf9fd9e87026992c45062
    ├─ [0] VM::load(0x99cBF1Ff4527675Ed3301671105C9F7748fb8a04, 0x360894a13ba1a3210667c828492db98dca3e2076cc3735a920a3ca505d382bbc) [staticcall]
    │   └─ ← [Return] 0x000000000000000000000000d8247c7926841337e8adf9fd9e87026992c45062
    ├─ [22880] 0x99cBF1Ff4527675Ed3301671105C9F7748fb8a04::balanceOf(BundledYieldVaultV2_PRODUCTION: [0x5615dEB798BB3E4dFa0139dFa1b3D433Cc23b72f]) [staticcall]
    │   ├─ [17777] 0xd8247C7926841337E8adf9fD9E87026992C45062::balanceOf(BundledYieldVaultV2_PRODUCTION: [0x5615dEB798BB3E4dFa0139dFa1b3D433Cc23b72f]) [delegatecall]
    │   │   ├─ [9970] 0x2816cf15F6d2A220E789aA011D5EE4eB6c47FEbA::d15e0053(0000000000000000000000000200c29006150606b650577bbe7b6248f58470c1) [staticcall]
    │   │   │   ├─ [4867] 0x2aB3580a805fB10CbAd567212C70e26C1B6769eC::d15e0053(0000000000000000000000000200c29006150606b650577bbe7b6248f58470c1) [delegatecall]
    │   │   │   │   └─ ← [Return] 0x0000000000000000000000000000000000000000033bf2b2f059a1aaad46266e
    │   │   │   └─ ← [Return] 0x0000000000000000000000000000000000000000033bf2b2f059a1aaad46266e
    │   │   └─ ← [Return] 98999999 [9.899e7]
    │   └─ ← [Return] 98999999 [9.899e7]
    ├─ [0] VM::store(0x99cBF1Ff4527675Ed3301671105C9F7748fb8a04, 0x360894a13ba1a3210667c828492db98dca3e2076cc3735a920a3ca505d382bbc, 0x0000000000000000000000000000000000000000000000000000000000000000)
    │   └─ ← [Return]
    ├─ [5100] 0x99cBF1Ff4527675Ed3301671105C9F7748fb8a04::balanceOf(BundledYieldVaultV2_PRODUCTION: [0x5615dEB798BB3E4dFa0139dFa1b3D433Cc23b72f]) [staticcall]
    │   ├─ [0] 0x0000000000000000000000000000000000000000::balanceOf(BundledYieldVaultV2_PRODUCTION: [0x5615dEB798BB3E4dFa0139dFa1b3D433Cc23b72f]) [delegatecall]
    │   │   └─ ← [Stop]
    │   └─ ← [Return]
    ├─ [0] VM::store(0x99cBF1Ff4527675Ed3301671105C9F7748fb8a04, 0x360894a13ba1a3210667c828492db98dca3e2076cc3735a920a3ca505d382bbc, 0x000000000000000000000000d8247c7926841337e8adf9fd9e87026992c45062)
    │   └─ ← [Return]
    └─ ← [Revert] panic: arithmetic underflow or overflow (0x11)

Backtrace:
  at L1DepositorV2_PRODUCTION.depositToL2
  at MainnetForkTest.testFullE2EFlowAcross

[PASS] testFullE2EFlowRelay() (gas: 29659541)
Logs:
  Seeded L1 USDT to treasury
  Seeded L2 USDT0 to treasury
  === E2E Test: Relay Protocol ===
  Step 1: L2 Treasury USDT0 balance: 500000814
  !!! Step 1: Relay vault deposit revert
  revert data length: 4
  0x79cacff100000000000000000000000000000000000000000000000000000000
  --- Relay vault deposit logs ---
  entry count: 3
  log# 0
  emitter: 0x0200C29006150606B650577BBE7B6248F58470c1
  topics: 3
  0xddf252ad1be2c89b69c2b068fc378daa952ba7f163c4a11628f55a4df523b3ef
  0x00000000000000000000000000000009eee278329552382a472a7d06c773d7b3
  0x0000000000000000000000002e234dae75c793f67a35089c9d99245e1c58470b
  data length: 32
  0x0000000000000000000000000000000000000000000000000000000005f5e100
  log# 1
  emitter: 0x0200C29006150606B650577BBE7B6248F58470c1
  topics: 3
  0x8c5be1e5ebec7d5bd14f71427d1e84f3dd0314c0f7b2291e5b200ac8c7c3b925
  0x00000000000000000000000000000009eee278329552382a472a7d06c773d7b3
  0x0000000000000000000000002e234dae75c793f67a35089c9d99245e1c58470b
  data length: 32
  0x0000000000000000000000000000000000000000000000000000000000000000
  log# 2
  emitter: 0x0200C29006150606B650577BBE7B6248F58470c1
  topics: 3
  0x8c5be1e5ebec7d5bd14f71427d1e84f3dd0314c0f7b2291e5b200ac8c7c3b925
  0x0000000000000000000000002e234dae75c793f67a35089c9d99245e1c58470b
  0x0000000000000000000000002816cf15f6d2a220e789aa011d5ee4eb6c47feba
  data length: 32
  0x0000000000000000000000000000000000000000000000000000000005f5e100
  Halting Relay E2E flow after deposit failure

[PASS] testHighGasPriceSimulation() (gas: 9685)
Logs:
  Seeded L1 USDT to treasury
  Seeded L2 USDT0 to treasury
  Fork check passed - on mainnet fork
  Block number: 23782747
  Block timestamp: 1762945667
  Simulated gas price: 200000000000

[PASS] testInkReserveSnapshot() (gas: 1056947443)
Logs:
  Seeded L1 USDT to treasury
  Seeded L2 USDT0 to treasury
  Skipping: Ink getReserveData reverted (RPC/fork not active)

[PASS] testInkTydroIntrospection() (gas: 1056947380)
Logs:
  Seeded L1 USDT to treasury
  Seeded L2 USDT0 to treasury
  Skipping: Ink getReserveData reverted (RPC/fork not active)

[PASS] testL2VaultAcrossPaused() (gas: 184267)
Logs:
  Seeded L1 USDT to treasury
  Seeded L2 USDT0 to treasury

[PASS] testL2VaultRelayUnmappedToken() (gas: 64815)
Logs:
  Seeded L1 USDT to treasury
  Seeded L2 USDT0 to treasury

[PASS] testRealYieldHarvest() (gas: 3444)
Logs:
  Seeded L1 USDT to treasury
  Seeded L2 USDT0 to treasury
  Real yield harvest test - requires real Tydro pool

[PASS] testRelayCalldataPreview() (gas: 22041)
Logs:
  Seeded L1 USDT to treasury
  Seeded L2 USDT0 to treasury
  Relay calldata preview
  feeBps: 100
  amount: 50000000
  maxFee: 500000
  deadline: 1763032077
  calldataLen: 196
  amount: 100000000
  maxFee: 1000000
  deadline: 1763032077
  calldataLen: 196
  amount: 250000000
  maxFee: 2500000
  deadline: 1763032077
  calldataLen: 196
  amount: 1000000000
  maxFee: 10000000
  deadline: 1763032077
  calldataLen: 196

[PASS] testSmallDepositAcross() (gas: 151791)
Logs:
  Seeded L1 USDT to treasury
  Seeded L2 USDT0 to treasury
  L1 USDT balance pre: 200000000
  Across deposit reverted (expected if insufficient balance/allowance)
  L1 USDT balance post: 200000000

[PASS] testSmallDepositRelay() (gas: 29644591)
Logs:
  Seeded L1 USDT to treasury
  Seeded L2 USDT0 to treasury
  Ink L2 USDT0 balance pre: 500000814
  Relay vault deposit reverted (pool may require conditions)
  Ink L2 USDT0 balance post: 500000814

Suite result: FAILED. 14 passed; 1 failed; 0 skipped; finished in 75.57s (35.60s CPU time)

╭--------------------------------------------------------------------------------+-----------------+--------+--------+--------+---------╮
| src/BundledYieldVaultV2_PRODUCTION.sol:BundledYieldVaultV2_PRODUCTION Contract |                 |        |        |        |         |
+=======================================================================================================================================+
| Deployment Cost                                                                | Deployment Size |        |        |        |         |
|--------------------------------------------------------------------------------+-----------------+--------+--------+--------+---------|
| 1669781                                                                        | 7644            |        |        |        |         |
|--------------------------------------------------------------------------------+-----------------+--------+--------+--------+---------|
|                                                                                |                 |        |        |        |         |
|--------------------------------------------------------------------------------+-----------------+--------+--------+--------+---------|
| Function Name                                                                  | Min             | Avg    | Median | Max    | # Calls |
|--------------------------------------------------------------------------------+-----------------+--------+--------+--------+---------|
| deposit                                                                        | 26261           | 177699 | 177699 | 329138 | 2       |
|--------------------------------------------------------------------------------+-----------------+--------+--------+--------+---------|
| pause                                                                          | 45812           | 45812  | 45812  | 45812  | 1       |
|--------------------------------------------------------------------------------+-----------------+--------+--------+--------+---------|
| setL1Recipient                                                                 | 30631           | 30631  | 30631  | 30631  | 15      |
|--------------------------------------------------------------------------------+-----------------+--------+--------+--------+---------|
| setTokenMapping                                                                | 48445           | 48445  | 48445  | 48445  | 15      |
|--------------------------------------------------------------------------------+-----------------+--------+--------+--------+---------|
| transferOwnership                                                              | 28924           | 28924  | 28924  | 28924  | 15      |
|--------------------------------------------------------------------------------+-----------------+--------+--------+--------+---------|
| unpause                                                                        | 23714           | 23714  | 23714  | 23714  | 1       |
╰--------------------------------------------------------------------------------+-----------------+--------+--------+--------+---------╯

╭----------------------------------------------------------------------+-----------------+----------+----------+----------+---------╮
| src/BundledYieldVaultV2_RELAY.sol:BundledYieldVaultV2_RELAY Contract |                 |          |          |          |         |
+===================================================================================================================================+
| Deployment Cost                                                      | Deployment Size |          |          |          |         |
|----------------------------------------------------------------------+-----------------+----------+----------+----------+---------|
| 1672600                                                              | 7572            |          |          |          |         |
|----------------------------------------------------------------------+-----------------+----------+----------+----------+---------|
|                                                                      |                 |          |          |          |         |
|----------------------------------------------------------------------+-----------------+----------+----------+----------+---------|
| Function Name                                                        | Min             | Avg      | Median   | Max      | # Calls |
|----------------------------------------------------------------------+-----------------+----------+----------+----------+---------|
| deposit                                                              | 50426           | 19705712 | 29533355 | 29533355 | 3       |
|----------------------------------------------------------------------+-----------------+----------+----------+----------+---------|
| setL1Recipient                                                       | 30634           | 30634    | 30634    | 30634    | 15      |
|----------------------------------------------------------------------+-----------------+----------+----------+----------+---------|
| setTokenMapping                                                      | 48457           | 48457    | 48457    | 48457    | 15      |
|----------------------------------------------------------------------+-----------------+----------+----------+----------+---------|
| transferOwnership                                                    | 28968           | 28968    | 28968    | 28968    | 15      |
╰----------------------------------------------------------------------+-----------------+----------+----------+----------+---------╯

╭--------------------------------------------------------------------+-----------------+-------+--------+-------+---------╮
| src/L1DepositorV2_PRODUCTION.sol:L1DepositorV2_PRODUCTION Contract |                 |       |        |       |         |
+=========================================================================================================================+
| Deployment Cost                                                    | Deployment Size |       |        |       |         |
|--------------------------------------------------------------------+-----------------+-------+--------+-------+---------|
| 940136                                                             | 4180            |       |        |       |         |
|--------------------------------------------------------------------+-----------------+-------+--------+-------+---------|
|                                                                    |                 |       |        |       |         |
|--------------------------------------------------------------------+-----------------+-------+--------+-------+---------|
| Function Name                                                      | Min             | Avg   | Median | Max   | # Calls |
|--------------------------------------------------------------------+-----------------+-------+--------+-------+---------|
| depositToL2                                                        | 24177           | 40176 | 40711  | 55105 | 4       |
|--------------------------------------------------------------------+-----------------+-------+--------+-------+---------|
| pause                                                              | 45751           | 45751 | 45751  | 45751 | 1       |
|--------------------------------------------------------------------+-----------------+-------+--------+-------+---------|
| setTokenMapping                                                    | 48363           | 48363 | 48363  | 48363 | 15      |
|--------------------------------------------------------------------+-----------------+-------+--------+-------+---------|
| setYieldReceiver                                                   | 47966           | 47966 | 47966  | 47966 | 15      |
|--------------------------------------------------------------------+-----------------+-------+--------+-------+---------|
| transferOwnership                                                  | 28871           | 28871 | 28871  | 28871 | 15      |
|--------------------------------------------------------------------+-----------------+-------+--------+-------+---------|
| unpause                                                            | 23675           | 23675 | 23675  | 23675 | 1       |
╰--------------------------------------------------------------------+-----------------+-------+--------+-------+---------╯


Ran 1 test suite in 75.58s (75.57s CPU time): 14 tests passed, 1 failed, 0 skipped (15 total tests)

Failing tests:
Encountered 1 failing test in test/MainnetFork.t.sol:MainnetForkTest
[FAIL: panic: arithmetic underflow or overflow (0x11)] testFullE2EFlowAcross() (gas: 1291899)

Encountered a total of 1 failing tests, 14 tests succeeded
